00:13:08 121236 28324
00:13:10 121236 28324
00:13:12 121236 28324
00:13:14 292476 195324
00:13:16 467896 368788
00:13:19 489972 390864
00:13:21 489972 390864
00:13:23 497536 398364
00:13:25 502164 402992
00:13:27 506556 407384
00:13:29 506556 407384
00:13:31 506620 407384
00:13:33 507012 407776
00:13:35 662352 563116
00:13:37 662352 563116
00:13:39 662352 563116
00:13:41 662352 563116
00:13:43 662352 563116
00:13:45 662352 563116
00:13:47 678736 579500
00:13:49 678736 579500
00:13:51 678736 579500
00:13:53 678736 579500
00:13:55 678736 579500
00:13:57 678736 579500
00:13:59 678736 579500
00:14:01 678736 579500
00:14:03 678736 579500
00:14:05 678736 579500
00:14:07 678860 579624
00:14:09 679728 580492
00:14:11 680224 581144
00:14:13 680452 581636
00:14:15 681000 582184
00:14:17 681388 582572
00:14:19 682208 583392
00:14:21 682600 583784
00:14:23 696060 597244
00:14:25 672288 573472
00:14:27 672288 573472
00:14:29 672288 573472
00:14:31 672288 573472
00:14:33 747376 648432
00:14:35 763664 664720
00:14:37 767784 668840
00:14:39 1273976 1174840
00:14:41 1836664 1737528
00:14:43 1918512 1819312
00:14:45 2238268 2139068
00:14:48 2445504 2346304
00:14:50 1939796 1840596
00:14:52 2834916 2735716
00:14:54 3473992 3374792
00:14:56 5043200 4944000
00:14:58 4408964 4309764
00:15:00 4484940 4385612
00:15:02 4484940 4385612
00:15:04 4484940 4385612
00:15:06 4484940 4385612
00:15:08 4484940 4385612
00:15:10 4484940 4385612
00:15:12 4484940 4385612
00:15:14 4484940 4385612
00:15:16 4484940 4385612
00:15:18 4484940 4385612
00:15:20 4484940 4385612
00:15:22 4484940 4385612
00:15:24 4484940 4385612
00:15:26 4484940 4385612
00:15:28 4484940 4385612
00:15:31 4484940 4385612
00:15:33 4484940 4385612
00:15:35 4484940 4385612
00:15:37 4484940 4385612
00:15:39 4484940 4385612
00:15:41 4484940 4385612
00:15:43 4484940 4385612
00:15:45 4484940 4385612
00:15:47 4484940 4385612
00:15:49 4484940 4385612
00:15:51 4484940 4385612
00:15:53 4484956 4385612
00:15:55 4948752 4849344
00:15:57 5490524 5391116
00:15:59 5125360 5025248
00:16:01 4788876 4688700
00:16:03 5267580 5167404
00:16:05 4944572 4844396
00:16:07 5650164 5549988
00:16:10 5901108 5800932
00:16:12 5406240 5306064
00:16:14 5948100 5847924
00:16:16 6883492 6783316
00:16:18 7332188 7232012
00:16:20 7886888 7786712
00:16:22 5537268 5437092
00:16:25 5537268 5437092
00:16:27 5537268 5437092
00:16:29 5537268 5437092
00:16:31 5537268 5437092
00:16:33 5537268 5437092
00:16:35 5537268 5437092
00:16:37 5537268 5437092
00:16:39 5537268 5437092
00:16:41 5537268 5437092
00:16:43 5537268 5437092
00:16:45 5537268 5437092
00:16:47 5537268 5437092
00:16:49 5537268 5437092
00:16:51 5537268 5437092
00:16:53 5537268 5437092
00:16:55 5537268 5437092
00:16:58 5537268 5437092
00:17:00 5537268 5437092
00:17:02 5537268 5437092
00:17:04 5537268 5437092
00:17:06 5537268 5437092
00:17:08 5537268 5437092
00:17:10 5537268 5437092
00:17:12 5537268 5437092
00:17:14 5537268 5437092
00:17:16 5537268 5437092
00:17:18 5537268 5437092
00:17:20 5537268 5437092
00:17:22 5537268 5437092
00:17:24 5537268 5437092
00:17:26 5537268 5437092
00:17:29 5537268 5437092
00:17:31 5537268 5437092
00:17:33 5537268 5437092
00:17:35 5537268 5437092
00:17:37 5537268 5437092
00:17:39 5537268 5437092
00:17:41 5537268 5437092
00:17:43 5537268 5437092
00:17:45 5537268 5437092
00:17:47 5537268 5437092
00:17:49 5537268 5437092
00:17:51 5537268 5437092
00:17:53 5537268 5437092
00:17:55 5537268 5437092
00:17:57 5537268 5437092
00:18:00 5537268 5437092
00:18:02 5537268 5437092
00:18:04 5537268 5437092
00:18:06 5537268 5437092
00:18:08 5537268 5437092
00:18:10 5537268 5437092
00:18:12 5537268 5437092
00:18:14 5537268 5437092
00:18:16 5537268 5437092
00:18:18 5537268 5437092
00:18:20 5537268 5437092
00:18:22 5537268 5437092
00:18:24 5537268 5437092
00:18:26 5537268 5437092
00:18:29 5537268 5437092
00:18:31 5537268 5437092
00:18:33 5537268 5437092
00:18:35 5537268 5437092
00:18:37 5537268 5437092
00:18:39 5537268 5437092
00:18:41 5537268 5437092
00:18:43 5537268 5437092
00:18:45 5537268 5437092
00:18:47 5537268 5437092
00:18:49 5537268 5437092
00:18:51 5537268 5437092
00:18:53 5537268 5437092
00:18:55 5537268 5437092
00:18:57 5537268 5437092
00:18:59 5537268 5437092
00:19:02 5537268 5437092
00:19:04 5537268 5437092
00:19:06 5537268 5437092
00:19:08 5537268 5437092
00:19:10 5537268 5437092
00:19:12 5537268 5437092
00:19:14 5537268 5437092
00:19:16 5537268 5437092
00:19:18 5537268 5437092
00:19:20 5537268 5437092
00:19:22 5537268 5437092
00:19:24 5537268 5437092
00:19:26 5537268 5437092
00:19:28 5537268 5437092
00:19:30 5537268 5437092
00:19:32 5537268 5437092
00:19:35 5537268 5437092
00:19:37 5537268 5437092
00:19:39 5537268 5437092
00:19:41 5537268 5437092
00:19:43 5537268 5437092
00:19:45 5537268 5437092
00:19:47 5537268 5437092
00:19:49 5537268 5437092
00:19:51 5537268 5437092
00:19:53 5537268 5437092
00:19:55 5537268 5437092
00:19:57 5537268 5437092
00:19:59 5537268 5437092
00:20:01 5537268 5437092
00:20:03 5537268 5437092
00:20:05 5537268 5437092
00:20:08 5537268 5437092
00:20:10 5537268 5437092
00:20:12 5537268 5437092
00:20:14 5537268 5437092
00:20:16 5537268 5437092
00:20:18 5537268 5437092
00:20:20 5537268 5437092
00:20:22 5537268 5437092
00:20:24 5537268 5437092
00:20:26 5537268 5437092
00:20:28 5537268 5437092
00:20:30 5537268 5437092
00:20:32 5537268 5437092
00:20:34 5537268 5437092
00:20:36 5537268 5437092
00:20:38 5537268 5437092
00:20:40 5537268 5437092
00:20:43 5537268 5437092
00:20:45 5537268 5437092
00:20:47 5537268 5437092
00:20:49 5537268 5437092
00:20:51 5537268 5437092
00:20:53 5537268 5437092
00:20:55 5537268 5437092
00:20:57 5537268 5437092
00:20:59 5537268 5437092
00:21:01 5537268 5437092
00:21:03 5537268 5437092
00:21:05 5537268 5437092
00:21:07 5537268 5437092
00:21:09 5537268 5437092
00:21:11 5537268 5437092
00:21:13 5537268 5437092
00:21:16 5537268 5437092
00:21:18 5537268 5437092
00:21:20 5537268 5437092
00:21:22 5537268 5437092
00:21:24 5537268 5437092
00:21:26 5537268 5437092
00:21:28 5537268 5437092
00:21:30 5537268 5437092
00:21:32 5537268 5437092
00:21:34 5537268 5437092
00:21:36 5537420 5437116
00:21:38 5537420 5437116
00:21:40 5537420 5437116
00:21:42 5537420 5437116
00:21:44 5537420 5437116
00:21:46 5537420 5437116
00:21:49 5537420 5437116
