22:48:57 122868 28416
22:48:59 122868 28416
22:49:01 122868 28416
22:49:03 291872 195244
22:49:05 293288 195252
22:49:07 417596 318408
22:49:09 487692 388440
22:49:11 487692 388440
22:49:13 500692 401312
22:49:15 510968 411588
22:49:17 510968 411588
22:49:19 511876 412112
22:49:21 662672 562908
22:49:23 662672 562908
22:49:25 662672 562908
22:49:27 662672 562908
22:49:29 662672 562908
22:49:31 679056 579292
22:49:33 679056 579292
22:49:35 679056 579292
22:49:37 679056 579292
22:49:39 679056 579292
22:49:41 679056 579292
22:49:43 679056 579292
22:49:45 679056 579292
22:49:47 679056 579292
22:49:49 679776 580012
22:49:51 680692 580928
22:49:53 681320 581556
22:49:55 681688 581924
22:49:57 682712 582948
22:49:59 708436 608672
22:50:01 705212 605448
22:50:03 673028 573264
22:50:05 673028 573264
22:50:07 673028 573264
22:50:09 759600 659644
22:50:11 775896 675940
22:50:13 775896 675940
22:50:15 1603724 1503576
22:50:17 1963936 1863788
22:50:19 2914552 2814340
22:50:21 3231868 3131656
22:50:24 3454916 3354704
22:50:26 2865536 2765324
22:50:28 4776400 4676188
22:50:30 4745812 4645600
22:50:32 7312804 7212592
22:50:34 7356396 7256184
22:50:36 8456152 8355812
22:50:38 8456152 8355812
22:50:40 8456152 8355812
22:50:42 8456152 8355812
22:50:44 8456152 8355812
22:50:46 8456152 8355812
22:50:48 8456152 8355812
22:50:50 8456152 8355812
22:50:52 8456152 8355812
22:50:54 8456152 8355812
22:50:56 8456152 8355812
22:50:58 8456152 8355812
22:51:01 8456152 8355812
22:51:03 8456152 8355812
22:51:05 8456152 8355812
22:51:07 8456152 8355812
22:51:09 8456152 8355812
22:51:11 8456152 8355812
22:51:13 8456152 8355812
22:51:15 8456152 8355812
22:51:17 8456152 8355812
22:51:19 8456152 8355812
22:51:21 8456152 8355812
22:51:23 8456152 8355812
22:51:25 8456152 8355812
22:51:27 8456152 8355812
22:51:29 8456152 8355812
22:51:31 8456152 8355812
22:51:33 8456152 8355812
22:51:35 8456152 8355812
22:51:38 8456152 8355812
22:51:40 8456152 8355812
22:51:42 8456152 8355812
22:51:44 8456152 8355812
22:51:46 8456152 8355812
22:51:48 8456152 8355812
22:51:50 8456152 8355812
22:51:52 8456152 8355812
22:51:54 8456152 8355812
22:51:56 8456152 8355812
22:51:58 8456152 8355812
22:52:00 8456152 8355812
22:52:02 8456152 8355812
22:52:04 8456152 8355812
22:52:06 8456152 8355812
22:52:08 8456152 8355812
22:52:10 8456152 8355812
22:52:13 8456152 8355812
22:52:15 8456152 8355812
22:52:17 8456152 8355812
22:52:19 8456152 8355812
22:52:21 8456152 8355812
22:52:23 8456152 8355812
22:52:25 8456152 8355812
22:52:27 8456152 8355812
22:52:29 8456152 8355812
22:52:31 8456152 8355812
22:52:33 8456152 8355812
22:52:35 8456152 8355812
22:52:37 8456152 8355812
22:52:39 8456152 8355812
22:52:41 8456152 8355812
22:52:43 8456152 8355812
22:52:45 8456152 8355812
22:52:48 8456152 8355812
22:52:50 8456152 8355812
22:52:52 8456152 8355812
22:52:54 8456152 8355812
22:52:56 8456152 8355812
22:52:58 8456152 8355812
22:53:00 8456152 8355812
22:53:02 8456152 8355812
22:53:04 8456152 8355812
22:53:06 8456152 8355812
22:53:08 8456152 8355812
22:53:10 8456152 8355812
22:53:12 8456152 8355812
22:53:14 8456152 8355812
22:53:16 8456152 8355812
22:53:18 8456152 8355812
22:53:20 8456152 8355812
22:53:22 8456152 8355812
22:53:25 8456152 8355812
22:53:27 8456152 8355812
22:53:29 8456152 8355812
22:53:31 8456152 8355812
22:53:33 8456152 8355812
22:53:35 8456152 8355812
22:53:37 8456152 8355812
22:53:39 8456152 8355812
22:53:41 8456152 8355812
22:53:43 8456152 8355812
22:53:45 8456152 8355812
22:53:47 8456152 8355812
22:53:49 8456152 8355812
22:53:51 8456152 8355812
22:53:53 8456152 8355812
22:53:55 8456152 8355812
22:53:57 8456152 8355812
22:54:00 8482032 8381564
22:54:02 8482032 8381564
22:54:04 8482032 8381564
22:54:06 8482032 8381564
22:54:08 8482032 8381564
22:54:10 8482032 8381564
22:54:12 8482032 8381564
22:54:14 8482032 8381564
22:54:16 8482096 8381564
22:54:18 9472548 9371952
22:54:20 9073912 8972228
22:54:22 9067840 8966156
22:54:24 9051892 8950208
22:54:26 9067256 8965572
22:54:28 9044960 8943276
22:54:30 9062316 8960632
22:54:33 9410784 9309036
22:54:35 9892436 9790688
22:54:37 10048996 9947248
22:54:39 11108812 11007064
22:54:41 11299680 11197932
22:54:43 10850980 10749232
22:54:45 12128444 12026696
22:54:47 13113076 13011328
22:54:50 14403816 14302068
22:54:52 15351336 15249588
22:54:54 9868852 9767104
22:54:56 9373340 9271592
22:54:58 9433712 9331964
22:55:01 9381864 9280116
22:55:03 9428160 9326412
22:55:05 9415424 9313676
22:55:07 9381328 9279580
22:55:09 9373340 9271592
22:55:11 9381104 9279356
22:55:13 9373340 9271592
22:55:15 9381712 9279964
22:55:17 9419632 9317884
22:55:19 9373340 9271592
22:55:21 9415260 9313512
22:55:23 9380344 9278596
22:55:26 9425352 9323604
22:55:28 9395468 9293720
22:55:30 9373340 9271592
22:55:32 9394404 9292656
22:55:34 9373340 9271592
22:55:36 9389476 9287728
22:55:38 9373340 9271592
22:55:40 9405612 9303864
22:55:42 9381340 9279592
22:55:44 9373340 9271592
22:55:46 9373340 9271592
22:55:48 9373340 9271592
22:55:51 9410176 9308428
22:55:53 9373340 9271592
22:55:55 9381548 9279800
22:55:57 9373340 9271592
22:55:59 9373340 9271592
22:56:01 9373340 9271592
22:56:03 9431740 9329992
22:56:05 9387704 9285956
22:56:07 9373340 9271592
22:56:09 9373340 9271592
22:56:11 9433712 9331964
22:56:14 9373340 9271592
22:56:16 9401788 9300040
22:56:18 9373340 9271592
22:56:20 9373340 9271592
22:56:22 9373340 9271592
22:56:24 9378264 9276516
22:56:26 9381592 9279844
22:56:28 9373340 9271592
22:56:30 9405232 9303484
22:56:32 9389048 9287300
22:56:34 9381880 9280132
22:56:36 9381516 9279768
22:56:39 9373340 9271592
22:56:41 9373340 9271592
22:56:43 9405696 9303948
22:56:45 9414848 9313100
22:56:47 9410384 9308636
22:56:49 9402232 9300484
22:56:51 9373340 9271592
22:56:53 9402900 9301152
22:56:55 9373340 9271592
22:56:57 9430200 9328452
22:56:59 9432276 9330528
22:57:02 9373340 9271592
22:57:04 9409176 9307428
22:57:06 9373340 9271592
22:57:08 9373340 9271592
22:57:10 9402564 9300816
22:57:12 9381648 9279900
22:57:14 9373340 9271592
22:57:16 9373340 9271592
22:57:18 9381388 9279640
22:57:20 9373340 9271592
22:57:22 9373340 9271592
22:57:24 9409816 9308068
22:57:27 9411840 9310092
22:57:29 9373340 9271592
22:57:31 9381176 9279428
22:57:33 9418804 9317056
22:57:35 9404664 9302916
22:57:37 9405288 9303540
22:57:39 9381332 9279584
22:57:41 9381460 9279712
22:57:43 9373340 9271592
22:57:45 9433712 9331964
22:57:47 9421332 9319584
22:57:49 9373340 9271592
22:57:52 9373340 9271592
22:57:54 9401300 9299552
22:57:56 9382124 9280376
22:57:58 9380948 9279200
22:58:00 9373340 9271592
22:58:02 9373340 9271592
22:58:04 9373340 9271592
22:58:06 9382172 9280424
22:58:08 9411316 9309568
22:58:10 9413448 9311700
22:58:12 9402848 9301100
22:58:15 9403376 9301628
22:58:17 9373340 9271592
22:58:19 9373340 9271592
22:58:21 9381980 9280232
22:58:23 9373340 9271592
22:58:25 9433712 9331964
22:58:27 9426580 9324832
22:58:29 9404892 9303144
22:58:31 9407992 9306244
22:58:33 9397260 9295512
22:58:35 9373340 9271592
22:58:37 9373340 9271592
22:58:40 9419064 9317316
22:58:42 9431512 9329764
22:58:44 9401136 9299388
22:58:46 9373340 9271592
22:58:48 9373340 9271592
22:58:50 9373340 9271592
22:58:52 9401436 9299688
22:58:54 9397204 9295456
22:58:56 9373340 9271592
22:58:58 9408600 9306852
22:59:00 9433712 9331964
22:59:03 9416536 9314788
22:59:05 9433712 9331964
22:59:07 9381696 9279948
22:59:09 9417876 9316128
22:59:11 9373340 9271592
22:59:13 9379156 9277408
22:59:15 9381200 9279452
22:59:17 9399352 9297604
22:59:19 9373340 9271592
22:59:21 9381752 9280004
22:59:23 9422276 9320528
22:59:25 9381456 9279708
22:59:28 9373340 9271592
22:59:30 9373340 9271592
22:59:32 9373340 9271592
22:59:34 9433712 9331964
22:59:36 9408112 9306364
22:59:38 9373340 9271592
22:59:40 9373340 9271592
22:59:42 9433712 9331964
22:59:44 9433712 9331964
22:59:46 9373340 9271592
22:59:48 9401468 9299720
22:59:50 9419056 9317308
22:59:53 9373340 9271592
22:59:55 9419660 9317912
22:59:57 9420492 9318744
22:59:59 9391604 9289856
23:00:01 9397216 9295468
23:00:03 9373340 9271592
23:00:05 9399472 9297724
23:00:07 9373340 9271592
23:00:09 9373340 9271592
23:00:11 9420200 9318452
23:00:13 9408028 9306280
23:00:16 9392416 9290668
23:00:18 9373340 9271592
23:00:20 9394008 9292260
23:00:22 9417696 9315948
23:00:24 9404752 9303004
23:00:26 9373340 9271592
23:00:28 9418380 9316632
23:00:30 9417096 9315348
23:00:32 9382684 9280936
23:00:34 9373340 9271592
23:00:36 9380972 9279224
23:00:39 9382928 9281180
23:00:41 9380256 9278508
23:00:43 9373340 9271592
23:00:45 9403928 9302180
23:00:47 9373340 9271592
23:00:49 9373340 9271592
23:00:51 9406108 9304360
23:00:53 9401968 9300220
23:00:55 9393728 9291980
23:00:57 9373340 9271592
23:00:59 9381152 9279404
23:01:01 9373340 9271592
23:01:04 9408956 9307208
23:01:06 9381708 9279960
23:01:08 9373340 9271592
23:01:10 9429020 9327272
23:01:12 9420540 9318792
23:01:14 9401540 9299792
23:01:16 9373340 9271592
23:01:18 9400860 9299112
23:01:20 9433712 9331964
23:01:22 9381280 9279532
23:01:24 9419860 9318112
23:01:26 9404348 9302600
23:01:29 9380164 9278416
23:01:31 9373340 9271592
23:01:33 9373340 9271592
23:01:35 9408772 9307024
23:01:37 9413404 9311656
23:01:39 9373340 9271592
23:01:41 9373340 9271592
23:01:43 9373340 9271592
23:01:45 9408304 9306556
23:01:47 9388440 9286692
23:01:49 9373340 9271592
23:01:51 9373340 9271592
23:01:54 9373340 9271592
23:01:56 9373340 9271592
23:01:58 9433184 9331436
23:02:00 9397068 9295320
23:02:02 9409864 9308116
23:02:04 9381652 9279904
23:02:06 9487104 9385356
23:02:08 9870260 9768512
23:02:10 9381352 9279604
23:02:12 9373464 9271716
23:02:14 9373464 9271716
23:02:16 9373464 9271716
23:02:19 9373464 9271716
23:02:21 9373516 9271768
23:02:23 9373516 9271768
23:02:25 9870084 9768336
23:02:27 9373400 9271652
23:02:29 9857420 9755672
23:02:31 9389080 9287332
23:02:33 9382228 9280480
23:02:35 9388432 9286684
23:02:37 9396796 9295048
23:02:39 9373520 9271772
23:02:42 9401624 9299876
23:02:44 9382064 9280316
23:02:46 9433892 9332144
23:02:48 9373520 9271772
23:02:50 9373520 9271772
23:02:52 9433892 9332144
23:02:54 9381552 9279804
23:02:56 9381124 9279376
23:02:58 9430360 9328612
23:03:00 9373520 9271772
23:03:02 9373520 9271772
23:03:05 9411564 9309816
23:03:07 9373520 9271772
23:03:09 9400824 9299076
23:03:11 9373520 9271772
23:03:13 9373520 9271772
23:03:15 9373520 9271772
23:03:17 9373520 9271772
23:03:19 9373520 9271772
23:03:21 9406060 9304312
23:03:23 9373520 9271772
23:03:25 9373520 9271772
23:03:27 9399732 9297984
23:03:30 9373520 9271772
23:03:32 9381748 9280000
23:03:34 9381116 9279368
23:03:36 9382296 9280548
23:03:38 9382100 9280352
23:03:40 9381656 9279908
23:03:42 9433892 9332144
23:03:44 9381668 9279920
23:03:46 9379216 9277468
23:03:48 9405980 9304232
23:03:50 9373520 9271772
23:03:53 9381532 9279784
23:03:55 9373520 9271772
23:03:57 9373520 9271772
23:03:59 9433892 9332144
23:04:01 9433892 9332144
23:04:03 9401912 9300164
23:04:05 9373520 9271772
23:04:07 9373520 9271772
23:04:09 9373520 9271772
23:04:11 9389376 9287628
23:04:13 9373520 9271772
23:04:16 9391928 9290180
23:04:18 9433892 9332144
23:04:20 9373520 9271772
23:04:22 9373520 9271772
23:04:24 9406028 9304216
23:04:26 9373604 9271792
23:04:28 9373604 9271792
23:04:30 9373604 9271792
23:04:32 9417800 9315988
23:04:34 9431660 9329848
23:04:36 9381380 9279568
23:04:39 9373800 9271796
23:04:41 9373800 9271796
23:04:43 9434172 9332168
23:04:45 9434172 9332168
23:04:47 9389664 9287660
23:04:49 9373800 9271796
23:04:51 9373800 9271796
23:04:53 9434172 9332168
23:04:55 9427056 9325052
23:04:57 9396852 9294848
23:04:59 9373800 9271796
23:05:02 9393492 9291488
23:05:04 9373800 9271796
23:05:06 9373800 9271796
23:05:08 9434172 9332168
23:05:10 9400128 9298124
23:05:12 9378268 9276264
23:05:14 9381536 9279532
23:05:16 9373800 9271796
23:05:18 9373800 9271796
23:05:20 9382696 9280692
23:05:22 9434172 9332168
23:05:25 9373800 9271796
23:05:27 9373800 9271796
23:05:29 9403244 9301240
23:05:31 9373800 9271796
23:05:33 9373800 9271796
23:05:35 9434172 9332168
23:05:37 9373800 9271796
23:05:39 9378032 9276028
23:05:41 9373800 9271796
23:05:43 9391832 9289828
23:05:45 9382632 9280628
23:05:47 9421176 9319172
23:05:50 9382768 9280764
23:05:52 9434172 9332168
23:05:54 9373800 9271796
23:05:56 9373800 9271796
23:05:58 9389868 9287864
23:06:00 9434172 9332168
23:06:02 9373800 9271796
23:06:04 9400992 9298988
23:06:07 9393304 9291300
23:06:09 9373800 9271796
23:06:11 9430048 9328044
23:06:13 9373800 9271796
23:06:15 9381032 9279028
23:06:17 9400180 9298176
23:06:19 9373800 9271796
23:06:21 9373800 9271796
23:06:24 9373800 9271796
23:06:26 9373800 9271796
23:06:28 9405516 9303512
23:06:30 9373800 9271796
23:06:32 9373800 9271796
23:06:34 9390724 9288720
23:06:36 9434172 9332168
23:06:38 9405876 9303872
23:06:41 9394092 9292088
23:06:43 9373812 9271808
23:06:45 9373800 9271796
23:06:47 9397720 9295716
23:06:49 9434172 9332168
23:06:51 9373800 9271796
23:06:53 9382384 9280380
23:06:55 9373800 9271796
23:06:57 9391856 9289852
23:07:00 9382556 9280552
23:07:02 9382460 9280456
23:07:04 9373800 9271796
23:07:06 9382868 9280864
23:07:08 9404472 9302468
23:07:10 9434172 9332168
23:07:12 9373800 9271796
23:07:14 9398832 9296828
23:07:16 9407076 9305072
23:07:19 9401100 9299096
23:07:21 9389768 9287764
23:07:23 9373800 9271796
23:07:25 9416720 9314716
23:07:27 9394908 9292904
23:07:29 9373800 9271796
23:07:31 9397120 9295116
23:07:33 9395340 9293336
23:07:35 9391388 9289384
23:07:38 9423608 9321604
23:07:40 9394916 9292912
23:07:42 9402416 9300412
23:07:44 9373800 9271796
23:07:46 9434172 9332168
23:07:48 9373800 9271796
23:07:50 9382156 9280152
23:07:52 9373800 9271796
23:07:54 9434172 9332168
23:07:57 9429064 9327060
23:07:59 9373800 9271796
23:08:01 9373800 9271796
23:08:03 9401968 9299964
23:08:05 9373800 9271796
23:08:07 9373800 9271796
23:08:09 9373800 9271796
23:08:11 9380648 9278644
23:08:13 9373800 9271796
23:08:15 9410768 9308764
23:08:18 9434172 9332168
23:08:20 9434172 9332168
23:08:22 9373800 9271796
23:08:25 9422888 9320884
23:08:27 9373800 9271796
23:08:29 9384212 9282208
23:08:31 9432108 9330104
23:08:33 9418796 9316792
23:08:35 9373800 9271796
23:08:37 9373800 9271796
23:08:40 9373800 9271796
23:08:42 9373800 9271796
23:08:44 9379244 9277240
23:08:46 9434172 9332168
23:08:48 9381556 9279552
23:08:50 9373800 9271796
23:08:52 9373800 9271796
23:08:54 9434172 9332168
23:08:56 9434172 9332168
23:08:58 9434172 9332168
23:09:01 9397224 9295220
23:09:03 9382124 9280120
23:09:05 9373800 9271796
23:09:07 9373800 9271796
23:09:09 9401792 9299788
23:09:11 9381612 9279608
23:09:13 9388708 9286704
23:09:15 9433484 9331480
23:09:17 9434172 9332168
23:09:19 9414436 9312432
23:09:21 9392540 9290536
23:09:24 9397824 9295820
23:09:26 9394320 9292316
23:09:28 9434172 9332168
23:09:30 9378060 9276056
23:09:32 9433712 9331708
23:09:35 9434172 9332168
23:09:37 9425180 9323176
23:09:39 9397400 9295396
23:09:41 9430136 9328132
23:09:43 9373800 9271796
23:09:45 9373800 9271796
23:09:48 9403288 9301284
23:09:50 9373800 9271796
23:09:52 9373800 9271796
23:09:54 9391564 9289560
23:09:56 9373800 9271796
23:09:58 9382248 9280244
23:10:00 9403952 9301948
23:10:02 9382232 9280228
23:10:04 9434172 9332168
23:10:06 9392220 9290216
23:10:08 9373800 9271796
23:10:11 9382352 9280348
23:10:13 9403728 9301724
23:10:15 9382276 9280272
23:10:17 9373800 9271796
23:10:19 9381988 9279984
23:10:21 9373800 9271796
23:10:23 9422128 9320124
23:10:25 9389380 9287376
23:10:27 9396792 9294788
23:10:29 9382812 9280808
23:10:31 9400592 9298588
23:10:34 9400260 9298256
23:10:36 9427872 9325868
23:10:38 9373800 9271796
23:10:40 9405076 9303072
23:10:42 9381912 9279908
23:10:45 9387460 9285456
23:10:47 9434172 9332168
23:10:49 9373800 9271796
23:10:51 9394216 9292212
23:10:54 9428140 9326136
23:10:56 9380024 9278020
23:10:58 9373800 9271796
23:11:00 9373800 9271796
23:11:02 9373800 9271796
23:11:04 9405760 9303756
23:11:06 9373800 9271796
23:11:08 9381764 9279760
23:11:10 9373800 9271796
23:11:13 9373800 9271796
23:11:15 9421648 9319644
23:11:17 9373800 9271796
23:11:19 9373800 9271796
23:11:21 9373800 9271796
23:11:24 9381396 9279392
23:11:26 9389080 9287076
23:11:28 9373800 9271796
23:11:30 9426640 9324636
23:11:32 9373800 9271796
23:11:34 9434172 9332168
23:11:37 9382432 9280428
23:11:39 9373800 9271796
23:11:41 9381688 9279684
23:11:43 9401836 9299832
23:11:45 9410696 9308692
23:11:47 9396496 9294492
23:11:49 9373800 9271796
23:11:51 9373800 9271796
23:11:53 9434172 9332168
23:11:55 9373800 9271796
23:11:58 9373800 9271796
23:12:00 9373800 9271796
23:12:02 9383452 9281448
23:12:04 9395480 9293476
23:12:06 9388976 9286972
23:12:08 9383772 9281768
23:12:10 9399896 9297892
23:12:12 9373800 9271796
23:12:14 9406200 9304196
23:12:16 9373800 9271796
23:12:18 9382104 9280100
23:12:21 9434172 9332168
23:12:23 9381764 9279760
23:12:25 9373800 9271796
23:12:27 9395992 9293988
23:12:29 9373800 9271796
23:12:31 9373800 9271796
23:12:33 9373800 9271796
23:12:35 9373800 9271796
23:12:37 9390848 9288844
23:12:40 9373800 9271796
23:12:42 9434172 9332168
23:12:44 9402364 9300360
23:12:46 9382096 9280092
23:12:48 9379248 9277244
23:12:50 9373800 9271796
23:12:52 9399708 9297704
23:12:54 9392100 9290096
23:12:56 9422940 9320936
23:12:58 9382472 9280468
23:13:00 9429932 9327928
23:13:03 9373800 9271796
23:13:05 9373800 9271796
23:13:07 9434172 9332168
23:13:09 9402800 9300796
23:13:11 9382272 9280268
23:13:13 9404548 9302544
23:13:15 9433280 9331276
23:13:17 9379308 9277304
23:13:19 9381816 9279812
23:13:21 9434172 9332168
23:13:24 9373800 9271796
23:13:26 9373800 9271796
23:13:28 9434172 9332168
23:13:30 9404312 9302308
23:13:32 9373800 9271796
23:13:34 9373800 9271796
23:13:36 9373800 9271796
23:13:38 9434172 9332168
23:13:40 9373800 9271796
23:13:42 9373800 9271796
23:13:45 9411968 9309964
23:13:47 9407508 9305504
23:13:49 9393492 9291488
23:13:51 9379620 9277616
23:13:53 9373800 9271796
23:13:55 9373800 9271796
23:13:57 9429860 9327856
23:13:59 9392804 9290800
23:14:01 9404332 9302328
23:14:03 9402992 9300988
23:14:06 9400972 9298968
23:14:08 9389608 9287604
23:14:10 9382188 9280184
23:14:12 9434172 9332168
23:14:14 9382072 9280068
23:14:16 9392404 9290400
23:14:18 9379516 9277512
23:14:20 9399680 9297676
23:14:22 9381612 9279608
23:14:24 9373800 9271796
23:14:27 9434172 9332168
23:14:29 9402828 9300824
23:14:31 9391696 9289692
23:14:33 9396480 9294476
23:14:35 9391164 9289160
23:14:37 9434172 9332168
23:14:39 9373800 9271796
23:14:41 9373800 9271796
23:14:43 9373800 9271796
23:14:45 9406440 9304436
23:14:48 9373800 9271796
23:14:50 9373800 9271796
23:14:52 9401912 9299908
23:14:54 9373800 9271796
23:14:56 9373800 9271796
23:14:58 9385096 9283092
23:15:00 9403236 9301232
23:15:02 9382316 9280312
23:15:04 9434172 9332168
23:15:06 9373800 9271796
23:15:08 9378288 9276284
23:15:11 9434172 9332168
23:15:13 9434172 9332168
23:15:15 9407428 9305424
23:15:17 9373800 9271796
23:15:19 9416296 9314292
23:15:21 9373800 9271796
23:15:23 9373800 9271796
23:15:25 9434172 9332168
23:15:27 9373844 9271840
23:15:29 9373800 9271796
23:15:32 9373800 9271796
23:15:34 9373800 9271796
23:15:36 9401816 9299812
23:15:38 9406024 9304020
23:15:40 9434172 9332168
23:15:42 9373800 9271796
23:15:44 9434172 9332168
23:15:46 9373800 9271796
23:15:48 9434172 9332168
23:15:50 9394852 9292848
23:15:53 9373800 9271796
23:15:55 9373800 9271796
23:15:57 9396344 9294340
23:15:59 9373800 9271796
23:16:01 9425568 9323564
23:16:03 9381732 9279728
23:16:05 9382504 9280500
23:16:07 9373800 9271796
23:16:09 9384160 9282156
23:16:11 9373800 9271796
23:16:14 9382404 9280400
23:16:16 9393140 9291136
23:16:18 9408732 9306728
23:16:20 9377444 9275440
23:16:22 9373800 9271796
23:16:24 9405052 9303048
23:16:26 9373800 9271796
23:16:28 9434172 9332168
23:16:30 9373800 9271796
23:16:32 9373800 9271796
23:16:35 9408836 9306832
23:16:37 9395236 9293232
23:16:39 9373800 9271796
23:16:41 9403496 9301492
23:16:43 9434172 9332168
23:16:45 9434172 9332168
23:16:47 9373800 9271796
23:16:49 9373800 9271796
23:16:51 9431592 9329588
23:16:53 9390776 9288772
23:16:56 9409416 9307412
23:16:58 9389356 9287352
23:17:00 9373800 9271796
23:17:02 9373800 9271796
23:17:04 9380452 9278448
23:17:06 9373800 9271796
23:17:08 9382112 9280108
23:17:10 9379484 9277480
23:17:12 9381980 9279976
23:17:14 9408660 9306656
23:17:17 9395248 9293244
23:17:19 9373800 9271796
23:17:21 9378452 9276448
23:17:23 9402740 9300736
23:17:25 9434172 9332168
23:17:27 9388012 9286008
23:17:29 9379588 9277584
23:17:31 9401768 9299764
23:17:33 9404196 9302192
23:17:35 9402996 9300992
23:17:38 9410792 9308788
23:17:40 9396684 9294680
23:17:42 9373800 9271796
23:17:44 9434172 9332168
23:17:46 9373800 9271796
23:17:48 9434172 9332168
23:17:50 9412836 9310832
23:17:52 9373800 9271796
23:17:54 9380092 9278088
23:17:56 9423632 9321628
23:17:59 9434172 9332168
23:18:01 9424036 9322032
23:18:03 9373800 9271796
23:18:05 9405388 9303384
23:18:07 9434172 9332168
23:18:09 9373800 9271796
23:18:11 9373800 9271796
23:18:14 9373800 9271796
23:18:16 9386168 9284164
23:18:18 9382156 9280152
23:18:20 9392432 9290428
23:18:22 9434172 9332168
23:18:24 9373800 9271796
23:18:26 9373800 9271796
23:18:28 9410348 9308344
23:18:30 9379036 9277032
23:18:32 9395052 9293048
23:18:35 9404624 9302620
23:18:37 9395640 9293636
23:18:39 9381932 9279928
23:18:41 9399972 9297968
23:18:43 9373800 9271796
23:18:45 9398208 9296204
23:18:47 9401400 9299396
23:18:50 9373800 9271796
23:18:52 9434172 9332168
23:18:54 9373800 9271796
23:18:57 9373800 9271796
23:18:59 9373800 9271796
23:19:01 9422584 9320580
23:19:03 9424668 9322664
23:19:06 9373800 9271796
23:19:08 9415112 9313108
23:19:10 9395812 9293808
23:19:12 9434068 9332064
23:19:14 9402748 9300744
23:19:16 9434172 9332168
23:19:18 9373800 9271796
23:19:20 9373800 9271796
23:19:23 9404192 9302188
23:19:25 9373800 9271796
23:19:27 9373800 9271796
23:19:29 9382852 9280848
23:19:31 9373800 9271796
23:19:33 9373800 9271796
23:19:35 9373800 9271796
23:19:37 9428744 9326740
23:19:39 9373800 9271796
23:19:41 9373800 9271796
23:19:44 9434172 9332168
23:19:46 9373800 9271796
23:19:49 9381908 9279904
23:19:51 9373800 9271796
23:19:54 9373740 9271796
23:19:56 9373564 9271796
23:19:58 9390764 9289332
23:20:01 9401280 9299932
23:20:03 9420324 9318976
23:20:05 9424576 9323228
23:20:07 9400464 9299116
23:20:09 9380632 9279284
23:20:11 9433516 9332168
23:20:13 9429872 9328524
23:20:16 9433516 9332168
23:20:18 9433516 9332168
23:20:20 9373144 9271796
23:20:22 9373144 9271796
23:20:24 9420868 9319520
23:20:26 9422312 9320964
23:20:28 9373144 9271796
23:20:30 9379692 9278344
23:20:32 9373144 9271796
23:20:35 9373144 9271796
23:20:37 9385792 9284444
23:20:39 9373144 9271796
23:20:41 9373144 9271796
23:20:43 9431836 9330488
23:20:45 9373144 9271796
23:20:47 9373144 9271796
23:20:49 9402296 9300948
23:20:51 9382016 9280668
23:20:54 9433516 9332168
23:20:56 9373144 9271796
23:20:58 9373144 9271796
23:21:00 9382936 9281588
23:21:02 9380844 9279496
23:21:04 9373144 9271796
23:21:06 9433516 9332168
23:21:08 9378504 9277156
23:21:10 9428656 9327308
23:21:13 9373144 9271796
23:21:15 9428456 9327108
23:21:17 9406132 9304784
23:21:19 9401836 9300488
23:21:21 9433516 9332168
23:21:23 9392604 9291256
23:21:25 9391924 9290576
23:21:27 9421060 9319712
23:21:29 9399564 9298216
23:21:31 9402144 9300976
23:21:34 9433336 9332168
23:21:36 9372964 9271796
23:21:38 9433336 9332168
23:21:40 9433336 9332168
23:21:42 9372964 9271796
23:21:44 9372964 9271796
23:21:46 9372964 9271796
23:21:48 9429184 9328016
23:21:50 9402920 9301752
23:21:52 9381676 9280508
23:21:54 9372964 9271796
23:21:57 9372964 9271796
23:21:59 9423128 9321960
23:22:01 9372964 9271796
23:22:03 9372964 9271796
23:22:05 9432420 9332168
23:22:07 9408792 9308540
23:22:09 9425060 9324808
23:22:11 9372048 9271796
23:22:14 9371876 9271796
23:22:16 9428936 9328860
23:22:19 9427440 9327364
23:22:21 9381868 9281792
23:22:24 9401348 9317328
23:22:26 9321784 9278636
23:22:28 9313176 9271796
23:22:31 9373240 9332168
23:22:33 9322928 9281856
23:22:35 9312868 9271796
23:22:37 9373240 9332168
23:22:39 9373240 9332168
23:22:41 9312868 9271796
23:22:43 9373240 9332168
23:22:45 9339684 9298612
23:22:47 9373240 9332168
23:22:50 9358928 9317856
23:22:52 9344344 9303272
23:22:54 9360916 9319844
23:22:56 9373240 9332168
23:22:58 9373368 9332168
23:23:00 9312996 9271796
23:23:02 9312996 9271796
23:23:05 9312996 9271796
23:23:07 9312996 9271796
23:23:09 9318436 9277236
23:23:11 9330588 9289388
23:23:13 9312996 9271796
23:23:15 9321700 9280500
23:23:17 9343924 9302724
23:23:19 9373368 9332168
23:23:21 9373368 9332168
23:23:24 9373368 9332168
23:23:26 9312944 9271796
23:23:28 9312944 9271796
23:23:30 9321868 9280720
23:23:32 9312944 9271796
23:23:34 9354016 9312868
23:23:37 9317336 9276188
23:23:39 9314064 9272916
23:23:42 9355576 9314428
23:23:44 9312944 9271796
23:23:47 9356520 9327320
23:23:49 9300596 9271796
23:23:52 9360968 9332168
23:23:54 9327356 9298556
23:23:56 9300596 9271796
23:23:58 9347100 9318300
23:24:00 9300596 9271796
23:24:02 9318916 9290116
23:24:04 9327708 9298908
23:24:06 9322404 9293604
23:24:09 9308872 9280072
23:24:11 9349880 9321080
23:24:13 9352052 9323252
23:24:15 9305380 9276580
23:24:17 9306740 9277940
23:24:19 9326044 9297244
23:24:21 9300596 9271796
23:24:23 9306324 9277524
23:24:25 9300596 9271796
23:24:28 9300596 9271796
23:24:30 9309656 9280856
23:24:32 9300596 9271796
23:24:34 9332964 9304164
23:24:36 9300596 9271796
23:24:38 9308844 9280044
23:24:40 9343976 9315176
23:24:43 9300596 9271796
23:24:45 9304332 9275532
23:24:47 9300596 9271796
23:24:50 9300596 9271796
