02:05:01 118540 28396
02:05:03 118544 28400
02:05:05 289548 195248
02:05:07 397884 301728
02:05:09 465184 369028
02:05:11 486900 390744
02:05:13 496536 400316
02:05:15 503236 407016
02:05:17 503668 407448
02:05:19 503732 407448
02:05:21 504600 408316
02:05:23 659924 563640
02:05:25 659924 563640
02:05:27 659924 563640
02:05:29 659924 563640
02:05:31 659924 563640
02:05:33 676308 580024
02:05:35 676308 580024
02:05:37 676308 580024
02:05:39 676308 580024
02:05:41 676308 580024
02:05:43 676308 580024
02:05:45 676308 580024
02:05:47 676308 580024
02:05:49 676308 580024
02:05:51 676308 580024
02:05:53 676724 580440
02:05:55 677444 581160
02:05:57 678180 581896
02:05:59 678736 582452
02:06:01 679224 582940
02:06:03 679972 583688
02:06:05 680660 584376
02:06:07 735640 639356
02:06:09 703456 607172
02:06:11 703456 607172
02:06:13 725136 628852
02:06:15 733644 637360
02:06:17 791860 695448
02:06:20 808144 711732
02:06:22 808144 711732
02:06:24 808144 711732
02:06:26 1371960 1275356
02:06:28 1405188 1308520
02:06:30 1828896 1732228
02:06:32 1873508 1776840
02:06:34 1860780 1764112
02:06:36 2353700 2257032
02:06:38 3019632 2922964
02:06:40 3651136 3554468
02:06:43 4483484 4386816
02:06:45 4226464 4128388
02:06:47 4226464 4128388
02:06:49 4226464 4128388
02:06:51 4226464 4128388
02:06:53 4226464 4128388
02:06:55 4226464 4128388
02:06:57 4226464 4128388
02:06:59 4226464 4128388
02:07:01 4226464 4128388
02:07:03 4226464 4128388
02:07:05 4226464 4128388
02:07:07 4226464 4128388
02:07:09 4226464 4128388
02:07:11 5327188 5229048
02:07:14 5325332 5227192
02:07:16 4925804 4826768
02:07:18 4900516 4801480
02:07:20 4900516 4801480
02:07:22 4900516 4801480
02:07:24 4908516 4809480
02:07:26 4900516 4801480
02:07:28 1872768 1773668
02:07:30 1810356 1711256
02:07:32 1868664 1769564
02:07:34 2323328 2224228
02:07:36 2336048 2236948
02:07:38 2323344 2224244
02:07:40 2777984 2678884
02:07:43 3368396 3269296
02:07:45 4204280 4105180
02:07:47 4737960 4638860
02:07:49 5030120 4931020
02:07:51 5030120 4931020
02:07:53 5030120 4931020
02:07:55 4969748 4870648
02:07:57 4993948 4894848
02:07:59 4969748 4870648
02:08:01 5030120 4931020
02:08:03 4969748 4870648
02:08:05 4969748 4870648
02:08:07 5002596 4903496
02:08:10 4969748 4870648
02:08:12 4969748 4870648
02:08:14 5025252 4926152
02:08:16 4969748 4870648
02:08:18 5030120 4931020
02:08:20 4969748 4870648
02:08:22 4969748 4870648
02:08:24 5030120 4931020
02:08:26 5003668 4904568
02:08:28 4969748 4870648
02:08:30 4969748 4870648
02:08:32 4980408 4881308
02:08:34 5030120 4931020
02:08:36 5013476 4914376
02:08:38 5017576 4918476
02:08:40 4969748 4870648
02:08:43 4974672 4875572
02:08:45 4969748 4870648
02:08:47 4969748 4870648
02:08:49 4969748 4870648
02:08:51 4969748 4870648
02:08:53 4987608 4888508
02:08:55 4969752 4870652
02:08:57 4970480 4871380
02:08:59 4978280 4879180
02:09:01 4974044 4874944
02:09:03 4969752 4870652
02:09:05 5028220 4929120
02:09:07 4971392 4872228
02:09:09 4989512 4890348
02:09:11 4969820 4870656
02:09:13 4969820 4870656
02:09:15 4986268 4887104
02:09:18 4983768 4884604
02:09:20 4969820 4870656
02:09:22 5021212 4922048
02:09:24 5018716 4919552
02:09:26 4969820 4870656
02:09:28 5018112 4918948
02:09:30 4969820 4870656
02:09:32 4969820 4870656
02:09:34 4969820 4870656
02:09:36 4969820 4870656
02:09:38 4980496 4881332
02:09:40 5026688 4927524
02:09:42 4977916 4878752
02:09:44 5028836 4929672
02:09:46 5029968 4930804
02:09:48 5030192 4931028
02:09:50 5015188 4916024
02:09:53 5030192 4931028
02:09:55 4969820 4870656
02:09:57 4969820 4870656
02:09:59 4969820 4870656
02:10:01 5024556 4925392
02:10:03 4969820 4870656
02:10:05 4969820 4870656
02:10:07 5027264 4928100
02:10:09 4977788 4878624
02:10:11 5025804 4926640
02:10:13 4978504 4879340
02:10:15 4986188 4887024
02:10:17 4969820 4870656
02:10:19 5025476 4926312
02:10:21 4989500 4890336
02:10:23 5018016 4918852
02:10:26 4988536 4889372
02:10:28 4969820 4870656
02:10:30 4988804 4889640
02:10:32 4969820 4870656
02:10:34 4969820 4870656
02:10:36 4969820 4870656
02:10:38 4969820 4870656
02:10:40 4969820 4870656
02:10:42 1752104 1652940
02:10:44 1902756 1803592
02:10:46 1880728 1781564
02:10:48 2347344 2248180
02:10:50 2350164 2251000
02:10:52 2349144 2249980
02:10:54 2809696 2710532
02:10:57 3375720 3276556
02:10:59 4670004 4570840
02:11:01 4638676 4539512
02:11:03 5019208 4920044
02:11:05 4958836 4859672
02:11:07 4958836 4859672
02:11:09 4958836 4859672
02:11:11 5019208 4920044
02:11:13 4958836 4859672
02:11:15 5019208 4920044
02:11:17 5019208 4920044
02:11:19 4958836 4859672
02:11:21 5019208 4920044
02:11:23 4958836 4859672
02:11:26 4958836 4859672
02:11:28 5019208 4920044
02:11:30 4958836 4859672
02:11:32 5542560 5443396
02:11:34 5504752 5405588
02:11:36 4959072 4859908
02:11:38 5019444 4920280
02:11:40 1894492 1795328
02:11:42 1894492 1795328
02:11:44 2349136 2249972
02:11:46 2355116 2255888
02:11:48 2349200 2249972
02:11:50 2529372 2430144
02:11:52 3432948 3333720
02:11:54 4031980 3932752
02:11:57 4647240 4548012
02:11:59 5011148 4911920
02:12:01 5010364 4911136
02:12:03 5068856 4969628
02:12:05 5026412 4927184
02:12:07 5010364 4911136
02:12:09 5035616 4936388
02:12:11 5010364 4911136
02:12:14 5010364 4911136
02:12:16 5032296 4933068
02:12:18 5010364 4911136
02:12:20 5070736 4971508
02:12:22 5010364 4911136
02:12:24 5010364 4911136
02:12:26 5016032 4916804
02:12:28 5010364 4911136
02:12:30 5055580 4956352
02:12:32 5070736 4971508
02:12:34 5070736 4971508
02:12:36 2917804 2818576
02:12:38 3246256 3147028
02:12:40 3852560 3753332
02:12:42 4145748 4046520
02:12:44 4303892 4204664
02:12:47 4319204 4219976
02:12:49 5360908 5261680
02:12:51 5764384 5665156
02:12:53 6604896 6505668
02:12:56 7207716 7108488
02:12:58 7144444 7045216
02:13:00 7132192 7033128
02:13:02 7145464 7046400
02:13:04 7134888 7035824
02:13:06 6328292 6229228
02:13:08 6424756 6325692
02:13:10 6796864 6697800
02:13:12 7155860 7056796
02:13:14 7208116 7109052
02:13:16 7208116 7109052
02:13:18 7147744 7048680
02:13:20 7208116 7109052
02:13:23 7147744 7048680
02:13:25 7157996 7058932
02:13:27 7208116 7109052
02:13:29 7208116 7109052
02:13:31 7147744 7048680
02:13:33 7156456 7057392
02:13:35 7147744 7048680
02:13:37 7208116 7109052
02:13:39 7147744 7048680
02:13:41 7192344 7093280
02:13:43 7164400 7065336
02:13:45 7147744 7048680
02:13:47 7208116 7109052
02:13:49 7208116 7109052
02:13:52 7153360 7054296
02:13:54 7208116 7109052
02:13:56 7164252 7065188
02:13:58 7208116 7109052
02:14:00 7208116 7109052
02:14:02 7198660 7099596
02:14:04 7147744 7048680
02:14:06 7208116 7109052
02:14:08 7208116 7109052
02:14:10 7164612 7065548
02:14:12 7158400 7059336
02:14:14 7154448 7055384
02:14:17 7148356 7049292
02:14:19 7208116 7109052
02:14:21 7208116 7109052
02:14:23 7208116 7109052
02:14:25 7159092 7060028
02:14:27 7147744 7048680
02:14:29 7147744 7048680
02:14:31 7147744 7048680
02:14:33 7147744 7048680
02:14:35 7147744 7048680
02:14:37 7147744 7048680
02:14:39 7208116 7109052
02:14:41 7208116 7109052
02:14:43 7150792 7051728
02:14:46 7208128 7109052
02:14:48 7208128 7109052
02:14:50 7147756 7048680
02:14:52 7147756 7048680
02:14:54 7150232 7051156
02:14:56 7147756 7048680
02:14:58 7147756 7048680
02:15:00 7167712 7068636
